// Jest Snapshot v1, https://goo.gl/fbAQLP

exports[`>>> AppComponent - Snapshot +++capturing Snapshot of AppComponent 1`] = `
<div
  className="app"
>
  <Connect(NavigationComponent) />
  <div>
    <Switch>
      <Route
        component={[Function]}
        exact={true}
        path="/"
      />
      <Route
        path="/otherRoute"
        render={[Function]}
      />
      <Route
        component={[Function]}
        path="/blog"
      />
      <Route
        component={[Function]}
        path="/contact"
      />
      <Route
        path="/callback"
        render={[Function]}
      />
      <Route
        component={[Function]}
        status={404}
      />
    </Switch>
  </div>
  <div>
    Footer
  </div>
</div>
`;
